[web/html/index.html]
[backblue.gif]
[fade.gif]
[index.html]
[web/css/main.min1ac1.css]
[web/html/index-2.html]
[web/css/style.mine2db.css]
[web/html/index-3.html]
[web/css/header-footer-elementor1f62.css]
[web/css/elementor-icons.min91ce.css]
[web/css/frontend-lite.min7e2e.css]
[web/jpg/img_5941-scaled.jpg]
[web/jpg/whatsapp-image-2022-07-29-at-15.57.33.jpg]
[web/jpg/whatsapp-image-2021-05-03-at-17.36.51.jpg]
[web/png/news-36-audience-avec-le-ministre-de-lagriculture-et-de-lquipement-rural-112.png]
[web/jpg/dxfgcgn.jpg]
[web/jpg/img_3489-scaled.jpg]
[web/jpg/img_3632-scaled.jpg]
[web/jpg/img_6703-scaled.jpg]
[web/jpg/dfgdfg.jpg]
[web/jpg/img_3523-scaled.jpg]
[web/jpg/img_1858-scaled.jpg]
[web/jpg/img_6954-scaled.jpg]
[web/css/frontend.min8d18.css]
[web/css/maine2db.css]
[web/css/frontend1f62.css]
[web/css/style.minf3df.css]
[web/css/font-awesome.min1849.css]
[web/css/joinchat-btn.mine91a.css]
[web/css/slickf3df.css]
[web/css/slick-themef3df.css]
[web/css/ha-748090.css]
[web/css/fontawesome.min52d5.css]
[web/css/solid.min52d5.css]
[web/css/brands.min52d5.css]
[web/css/regular.min52d5.css]
[web/css/smartslider.minff98.css]
[web/js/jquery.minaf6c.js]
[web/js/jquery-migrate.mind617.js]
[web/html/index-4.html]
[web/json/74.json]
[web/php/xmlrpc0db0.php]
[web/xml/wlwmanifest.xml]
[web/json/embedc456.json]
[web/other/embed1e31]
[web/jpg/cropped-logo-32x32.jpg]
[web/jpg/cropped-logo-192x192.jpg]
[web/jpg/cropped-logo-180x180.jpg]
[web/js/n2.minff98.js]
[web/js/smartslider-frontend.minff98.js]
[web/js/ss-simple.minff98.js]
[web/js/w-arrow-image.minff98.js]
[web/png/logo-pdmwfoj7l8emghw30u54n1hi80odw41swnp3isen0g.png]
[web/css/widget-icon-list.min.css]
[web/jpg/site.jpg]
[web/html/index-6.html]
[web/html/index-7.html]
[web/html/index-8.html]
[web/html/index-10.html]
[web/html/index-9.html]
[web/html/index-11.html]
[web/jpg/sadasd-1024x683.jpg]
[web/html/index-12.html]
[web/html/index-13.html]
[web/jpg/nouveau-flyer-nouuuuu-768x1090.jpg]
[web/html/index-14.html]
[web/html/index-15.html]
[web/jpg/1a-768x1086.jpg]
[web/html/index-16.html]
[web/html/index-17.html]
[web/jpg/affiche-science-po-768x1090.jpg]
[web/html/index-18.html]
[web/html/index-19.html]
[web/jpg/agronomique-et-environnementale-nouve-768x1090.jpg]
[web/html/index-20.html]
[web/html/index-21.html]
[web/jpg/cs-nouveaux-2-768x1086.jpg]
[web/html/index-22.html]
[web/html/index-23.html]
[web/jpg/cs-nouveaux-768x1086.jpg]
[web/html/index-24.html]
[web/html/index-25.html]
[web/jpg/cs-numerique-768x1086.jpg]
[web/html/index-26.html]
[web/html/index-27.html]
[web/delayed/flyer-licences-professionnelles-768x1090.3a.delayed]
[web/html/index-28.html]
[web/html/index-29.html]
[web/jpg/flyer-petrole-et-gaz-new-768x1087.jpg]
[web/html/index-30.html]
[web/html/index-31.html]
[web/jpg/recto-768x1086.jpg]
[web/html/index-32.html]
[web/html/index-33.html]
[web/jpg/nouveau-flyer-nouuuuu-768x1090-2.jpg]
[web/html/index-34.html]
[web/html/index-35.html]
[web/jpg/flyer-bts-dts-768x1086.jpg]
[web/html/index-36.html]
[web/html/index-37.html]
[web/jpg/cs-transformation-768x1086.jpg]
[web/html/index-38.html]
[web/html/index-39.html]
[web/delayed/cs-topographie-768x1086.40.delayed]
[web/html/index-40.html]
[web/html/index-41.html]
[web/delayed/cs-numerique-768x1086.41.delayed]
[web/html/index-42.html]
[web/html/index-43.html]
[web/jpg/cs-informatique-768x1086.jpg]
[web/html/index-45.html]
[web/html/index-44.html]
[web/jpg/whatsapp-image-2022-05-09-at-11.52.48-2.jpg]
[web/html/index-47.html]
[web/html/index-46.html]
[web/jpg/img_6080-scaled.jpg]
[web/html/index-48.html]
[web/html/index-49.html]
[web/png/icon_school.png]
[web/html/index-50.html]
[web/png/logo-1-pdn2k8dx6sbjii6xknin23xlyazt5xmo8wy3suregw.png]
[web/html/index-51.html]
[web/css/animations.min7e2e.css]
[web/js/frontend.min1ac1.js]
[web/html/index-52.html]
[web/js/happy-addons.minf3df.js]
[web/html/index-53.html]
[web/js/joinchat.mine91a.js]
[web/html/index-54.html]
[web/js/slick.minf3df.js]
[web/html/index-55.html]
[web/js/frontend1f62.js]
[web/html/index-56.html]
[web/js/jquery-numerator.min3958.js]
[web/html/index-57.html]
[web/html/index-58.html]
[web/js/webpack.runtime.min7e2e.js]
[web/html/index-59.html]
[web/js/frontend-modules.min7e2e.js]
[web/js/jquery.sticky.min8d18.js]
[web/html/index-61.html]
[web/html/index-62.html]
[web/html/index-60.html]
[web/js/frontend.min8d18.js]
[web/js/waypoints.min05da.js]
[web/js/core.min0028.js]
[web/html/index-66.html]
[web/html/index.html]
[web/css/main.min1ac1.css]
[web/css/style.mine2db.css]
[web/css/header-footer-elementor1f62.css]
[web/js/frontend.min7e2e.js]
[web/html/index-68.html]
[web/html/index-67.html]
[web/eot/eicons1075.eot]
[web/ttf/eicons1075.ttf]
[web/css/elementor-icons.min91ce.css]
[web/css/frontend-lite.min7e2e.css]
[web/css/frontend.min8d18.css]
[web/css/maine2db.css]
[web/css/frontend1f62.css]
[web/css/style.minf3df.css]
[web/eot/fontawesome-webfont3e6e.eot]
[web/eot/fontawesome-webfontd41d.eot]
[web/ttf/fontawesome-webfont3e6e.ttf]
[web/css/font-awesome.min1849.css]
[web/css/joinchat-btn.mine91a.css]
[web/css/slickf3df.css]
[web/gif/ajax-loader.gif]
[web/eot/slick.eot]
[web/eot/slickd41d.eot]
[web/ttf/slick.ttf]
[web/css/slick-themef3df.css]
[web/css/ha-748090.css]
[web/css/fontawesome.min52d5.css]
[web/eot/fa-solid-900.eot]
[web/eot/fa-solid-900d41d.eot]
[web/ttf/fa-solid-900.ttf]
[web/css/solid.min52d5.css]
[web/eot/fa-brands-400.eot]
[web/eot/fa-brands-400d41d.eot]
[web/ttf/fa-brands-400.ttf]
[web/css/brands.min52d5.css]
[web/eot/fa-regular-400.eot]
[web/eot/fa-regular-400d41d.eot]
[web/ttf/fa-regular-400.ttf]
[web/css/regular.min52d5.css]
[web/css/smartslider.minff98.css]
[web/js/jquery.minaf6c.js]
[web/js/jquery-migrate.mind617.js]
[web/js/n2.minff98.js]
[web/js/smartslider-frontend.minff98.js]
[web/js/ss-simple.minff98.js]
[web/js/w-arrow-image.minff98.js]
[web/css/widget-icon-list.min.css]
[web/html/index-5.html]
[web/jpg/img_4090-scaled.jpg]
[web/json/99.json]
[web/json/embed67d1.json]
[web/other/embed3338]
[web/jpg/img_3591-scaled.jpg]
[web/jpg/115803619_1039961073105782_350969444993837015_n-780x1024.jpg]
[web/jpg/img_icon_faq.jpg]
[web/png/7-1.png]
[web/png/2-1.png]
[web/png/8-1.png]
[web/png/4-1.png]
[web/png/1-1.png]
[web/png/6-1.png]
[web/png/3-1.png]
[web/html/index-6.html]
[web/png/icone-1-jaune.png]
[web/json/172.json]
[web/json/embed7fcc.json]
[web/other/embedfa5f]
[web/html/index-7.html]
[web/jpg/whatsapp-image-2022-04-28-at-00.37.32.jpg]
[web/json/287.json]
[web/json/embed4313.json]
[web/other/embed976f]
[web/png/news-37-visite-de-mr-faye-responsable-de-la-formation-du-maer-du-sngal-113.png]
[web/jpg/sdasdasdxcvxcvxv.jpg]
[web/html/index-71.html]
[web/html/index-8.html]
[web/html/index-69.html]
[web/html/index-70.html]
[web/html/index-72.html]
[web/html/index-73.html]
[web/html/index-74.html]
[web/html/index-75.html]
[web/html/index-77.html]
[web/html/index-78.html]
[web/html/index-79.html]
[web/html/index-80.html]
[web/html/index-81.html]
[web/html/index-83.html]
[web/html/index-82.html]
[web/html/index-84.html]
[web/html/index-85.html]
[web/html/index-86.html]
[web/html/index-88.html]
[web/html/index-89.html]
[web/css/main.min1ac1-2.css]
[web/css/style.mine2db-2.css]
[web/html/index-90.html]
[web/html/index-92.html]
[web/css/header-footer-elementor1f62-2.css]
[web/html/index-93.html]
[web/css/elementor-icons.min91ce-2.css]
[web/html/index-94.html]
[web/css/frontend-lite.min7e2e-2.css]
[web/html/index-95.html]
[web/html/index-96.html]
[web/jpg/sadasd.jpg]
[web/html/index-98.html]
[web/html/index-99.html]
[web/css/frontend.min8d18-2.css]
[web/html/index-101.html]
[web/html/index-100.html]
[web/css/maine2db-2.css]
[web/html/index-102.html]
[web/html/index-103.html]
[web/css/frontend1f62-2.css]
[web/css/style.minf3df-2.css]
[web/html/index-106.html]
[web/html/index-108.html]
[web/css/font-awesome.min1849-2.css]
[web/html/index-110.html]
[web/html/index-109.html]
[web/html/index-111.html]
[web/css/joinchat-btn.mine91a-2.css]
[web/css/fontawesome.min52d5-2.css]
[web/html/index-112.html]
[web/html/index-113.html]
[web/css/brands.min52d5-2.css]
[web/css/solid.min52d5-2.css]
[web/css/regular.min52d5-2.css]
[web/html/index-118.html]
[web/html/index-116.html]
[web/html/index-117.html]
[web/js/jquery.minaf6c-2.js]
[web/html/index-119.html]
[web/js/jquery-migrate.mind617-2.js]
[web/html/index-121.html]
[web/html/index-120.html]
[web/html/index-122.html]
[web/json/252.json]
[web/html/index-123.html]
[web/html/index-125.html]
[web/html/index-124.html]
[web/html/index-126.html]
[web/php/xmlrpc0db0-2.php]
[web/xml/wlwmanifest-2.xml]
[web/html/index-129.html]
[web/html/index-128.html]
[web/html/index-127.html]
[web/json/embed109c.json]
[web/html/index-130.html]
[web/html/index-131.html]
[web/html/index-132.html]
[web/other/embeddf6f]
[web/html/index-133.html]
[web/html/index-135.html]
[web/jpg/cropped-logo-32x32-2.jpg]
[web/html/index-136.html]
[web/jpg/cropped-logo-192x192-2.jpg]
[web/html/index-137.html]
[web/jpg/cropped-logo-180x180-2.jpg]
[web/html/index-138.html]
[web/delayed/logo-pdmwfoj7l8emghw30u54n1hi80odw41swnp3isen0g.ae.delayed]
[web/html/index-140.html]
[web/css/widget-icon-list.min-2.css]
[web/html/index-141.html]
[web/jpg/pexels-chanaka-906494-1024x1024.jpg]
[web/html/index-142.html]
[web/html/index-143.html]
[web/html/index-144.html]
[web/jpg/nigel-tadyanehondo-god2mdnujuu-unsplash-1024x1024.jpg]
[web/png/screenshot_2021-10-02-office-photos-nappy2.png]
[web/png/screenshot_2021-10-02-office-photos-nappy1.png]
[web/html/index-156.html]
[web/html/index-158.html]
[web/html/index-157.html]
[web/png/logo-1-pdn2k8dx6sbjii6xknin23xlyazt5xmo8wy3suregw-2.png]
[web/html/index-159.html]
[web/css/animations.min7e2e-2.css]
[web/html/index-160.html]
[web/js/frontend.min1ac1-2.js]
[web/html/index-161.html]
[web/js/happy-addons.minf3df-2.js]
[web/html/index-162.html]
[web/js/joinchat.mine91a-2.js]
[web/html/index-164.html]
[web/html/index-163.html]
[web/js/frontend1f62-2.js]
[web/html/index-165.html]
[web/html/index-166.html]
[web/html/index-167.html]
[web/js/webpack.runtime.min7e2e-2.js]
[web/html/index-168.html]
[web/html/index-169.html]
[web/js/frontend-modules.min7e2e-2.js]
[web/js/jquery.sticky.min8d18-2.js]
[web/html/index-172.html]
[web/html/index-171.html]
[web/html/index-170.html]
[web/js/frontend.min8d18-2.js]
[web/js/waypoints.min05da-2.js]
[web/html/index-174.html]
[web/js/core.min0028-2.js]
[web/html/index-173.html]
[web/html/index-175.html]
[web/html/index-9.html]
[web/js/frontend.min7e2e-2.js]
[web/html/index-176.html]
[web/html/index-178.html]
[web/html/index-179.html]
[web/html/index-177.html]
[web/json/242.json]
[web/html/index-180.html]
[web/json/embed28a5.json]
[web/html/index-181.html]
[web/html/index-182.html]
[web/html/index-183.html]
[web/other/embedb02e]
[web/html/index-184.html]
[web/png/screenshot_2021-10-02-affichage-de-graphiques-sur-un-ipad-·-photo-gratuite.png]
[web/html/index-185.html]
[web/html/index-186.html]
[web/html/index-187.html]
[web/png/screenshot_2021-10-02-homme-tenue-noir-smartphone-·-photo-gratuite.png]
[web/html/index-188.html]
[web/html/index-189.html]
[web/png/screenshot_2021-10-02-office-photos-nappy.png]
[web/html/index-190.html]
[web/html/index-191.html]
[web/html/index-192.html]
[web/jpg/hope-house-press-leather-diary-studio-pjzc7lot2ig-unsplash-1024x1024.jpg]
[web/html/index-194.html]
[web/html/index-193.html]
[web/html/index-195.html]
[web/html/index-197.html]
[web/html/index-10.html]
[web/html/index-196.html]
[web/html/index-199.html]
[web/html/index-198.html]
[web/html/index-201.html]
[web/json/237.json]
[web/html/index-200.html]
[web/html/index-203.html]
[web/html/index-202.html]
[web/html/index-204.html]
[web/json/embed1fc1.json]
[web/html/index-205.html]
[web/other/embed7ef1]
[web/jpg/karen-uppal-nrraatal7gg-unsplash-1024x1024.jpg]
[web/html/index-11.html]
[web/json/224.json]
[web/json/embeda683.json]
[web/other/embedd10b]
[web/jpg/mika-baumeister-tz1k07jl2no-unsplash-1024x1024.jpg]
[web/jpg/ben-kolde-fapxz88yzrw-unsplash-1024x1024.jpg]
[web/jpg/rahul-chakraborty-xsgxhtasfsa-unsplash-1024x1024.jpg]
[web/html/index-12.html]
[web/json/216.json]
[web/json/embede56c.json]
[web/other/embedd5fd]
[web/html/index-13.html]
[web/jpg/redeemer-kwei-amartey-ow8e_g9umdw-unsplash-1024x1024.jpg]
[web/json/189.json]
[web/json/embed71a2.json]
[web/other/embed8bb1]
[web/jpg/rich-dahlgren-mmrairqgue-unsplash-1024x1024.jpg]
[web/jpg/sonia-sanmartin-bkdd1isnooc-unsplash-1024x1024.jpg]
[web/jpg/zachariah-smith-zshyfvnn8hg-unsplash-1024x683.jpg]
[web/jpg/zosia-korcz-gafo9t4urjm-unsplash-1024x683.jpg]
[web/html/index-14.html]
[web/json/921.json]
[web/json/embeda27f.json]
[web/other/embede51b]
[web/jpg/sans-titre1-e1633014282875-1024x1024.jpg]
[web/jpg/emma-van-sant-jkfnpgk8onw-unsplash-1024x1024.jpg]
[web/jpg/bence-balla-schottner-b1fs5jqrslo-unsplash-1024x1024.jpg]
[web/html/index-15.html]
[web/json/211.json]
[web/json/embedcabc.json]
[web/other/embede40a]
[web/jpg/john-cameron-tm9rt6btmys-unsplash-1024x1024.jpg]
[web/jpg/ashlee-attebery-cmxufz1sabq-unsplash-1024x1024.jpg]
[web/jpg/fulvio-ciccolo-fszwkql4ruk-unsplash-1001x1024.jpg]
[web/html/index-16.html]
[web/json/247.json]
[web/json/embed0c95.json]
[web/other/embed5df9]
[web/jpg/nick-adams-ytwq8n3-4k0-unsplash-1024x1024.jpg]
[web/jpg/dee-copper-and-wild-kgrtbslpb3o-unsplash-1024x1024.jpg]
[web/html/index-17.html]
[web/json/229.json]
[web/json/embed2de7.json]
[web/other/embedef20]
[web/html/index-18.html]
[web/json/2090.json]
[web/json/embedbfe0.json]
[web/other/embed8c91]
[web/jpg/banque-finance-assurance-1024x538.jpg]
[web/html/index-19.html]
[web/json/1062.json]
[web/json/embed51a3.json]
[web/html/index-20.html]
[web/other/embed775c]
[web/json/2096.json]
[web/json/embed73d0.json]
[web/other/embed3b9b]
[web/jpg/gestion-des-entreprises-et-management-des-organisations-1024x538.jpg]
[web/html/index-21.html]
[web/json/1076.json]
[web/json/embed8315.json]
[web/html/index-22.html]
[web/other/embed420e]
[web/json/1068.json]
[web/json/embedacd4.json]
[web/html/index-23.html]
[web/other/embed309b]
[web/json/2099.json]
[web/json/embedf196.json]
[web/other/embed25cf]
[web/jpg/rh-1024x538.jpg]
[web/html/index-24.html]
[web/json/2093.json]
[web/json/embed4c77.json]
[web/other/embed9db8]
[web/jpg/licence-en-droit-des-affaires-et-fiscalite-1024x538.jpg]
[web/html/index-25.html]
[web/json/1084.json]
[web/json/embed6004.json]
[web/html/index-26.html]
[web/other/embeda1da]
[web/json/1046.json]
[web/json/embede778.json]
[web/html/index-27.html]
[web/other/embed313f]
[web/json/1165.json]
[web/json/embedc4d9.json]
[web/html/index-28.html]
[web/other/embed962f]
[web/json/1152.json]
[web/json/embed55c8.json]
[web/html/index-29.html]
[web/other/embed5434]
[web/json/2109.json]
[web/json/embede0c3.json]
[web/other/embede761]
[web/html/index-30.html]
[web/jpg/2-1024x538.jpg]
[web/json/2112.json]
[web/json/embed7e2f.json]
[web/other/embedc840]
[web/html/index-31.html]
[web/jpg/1-1024x538.jpg]
[web/json/2106.json]
[web/json/embed3542.json]
[web/other/embed1a2a]
[web/html/index-32.html]
[web/jpg/3-1024x538.jpg]
[web/json/1143.json]
[web/json/embedfb27.json]
[web/html/index-33.html]
[web/other/embedbdfd]
[web/jpg/sadasd-2.jpg]
[web/json/810.json]
[web/json/embeddd42.json]
[web/other/embedf9b7]
[web/jpg/thomas-iversen-4w8fgdvyume-unsplash-1024x684.jpg]
[web/jpg/zosia-korcz-gafo9t4urjm-unsplash-1024x683-2.jpg]
[web/jpg/zachariah-smith-zshyfvnn8hg-unsplash-1024x683-2.jpg]
[web/html/index-34.html]
[web/json/723.json]
[web/json/embed48fe.json]
[web/other/embed3856]
[web/jpg/jason-leung-gky4wyp9mvg-unsplash-1024x683.jpg]
[web/jpg/michael-anfang-lavcmb1gli0-unsplash-1024x683.jpg]
[web/html/index-35.html]
[web/json/894.json]
[web/json/embed1cb5.json]
[web/other/embedbbf3]
[web/jpg/pakata-goh-ovb-mejxjog-unsplash-1-1024x1024.jpg]
[web/jpg/nathan-da-silva-fo7kumbyvi0-unsplash-1024x1024.jpg]
[web/jpg/nubelson-fernandes-txysidln1dc-unsplash-1024x1024.jpg]
[web/html/index-36.html]
[web/json/873.json]
[web/json/embedef01.json]
[web/other/embed1eb9]
[web/jpg/eyelit-studio-otyothvtvby-unsplash-1-1024x546.jpg]
[web/jpg/aliunix-ni265acvqzs-unsplash-1024x683.jpg]
[web/jpg/catherine-avak-qhyzadihqz0-unsplash-1024x647.jpg]
[web/jpg/e-diop-n1rije55mw-unsplash-1024x768.jpg]
[web/html/index-37.html]
[web/json/822.json]
[web/json/embed0189.json]
[web/other/embed341a]
[web/html/index-38.html]
[web/jpg/aliunix-0s1xoks3yig-unsplash-1024x576.jpg]
[web/json/829.json]
[web/json/embed2b22.json]
[web/html/index-39.html]
[web/other/embedaf3f]
[web/json/957.json]
[web/json/embedc6f2.json]
[web/other/embed6293]
[web/jpg/emma-van-sant-jkfnpgk8onw-unsplash-1024x1024-2.jpg]
[web/jpg/jinomono-media-d9tkudmouac-unsplash-1024x1024.jpg]
[web/html/index-40.html]
[web/json/932.json]
[web/json/embedbb0e.json]
[web/other/embeda522]
[web/jpg/andrew-ives-r2fsi8if_ys-unsplash-1024x1024.jpg]
[web/jpg/mehrshad-rajabi-p7mkoyvsnli-unsplash-1024x1024.jpg]
[web/html/index-41.html]
[web/json/945.json]
[web/json/embed4296.json]
[web/other/embedd022]
[web/html/index-42.html]
[web/jpg/quokkabottles-tcsuj29rkwy-unsplash-1024x1024.jpg]
[web/json/1439.json]
[web/json/embed2581.json]
[web/other/embed10a9]
[web/jpg/ocde_resize_md-1.jpg]
[web/jpg/coding-science.jpg]
[web/jpg/coding-body-image-.jpg]
[web/jpg/1-awk6ydabe7x5viez2vyemw-1024x682.jpg]
[web/jpg/istockphoto-1224500457-612x612-1.jpg]
[web/jpg/t9qjmeqwrmwwuxe2mjyemj-1024x576.jpg]
[web/jpg/ocde_resize_md-3.jpg]
[web/jpg/images-2.jpg]
[web/jpg/index-1.jpg]
[web/png/60c761d2b87da146476b3738_article-hacking-1-1024x488.png]
[web/jpg/whatsapp-image-2022-02-23-at-11.58.12-am-pl529kmrr4r20we48finnb2hgqynkdkc907mtsofsq.jpg]
[web/html/index-43.html]
[web/json/1462.json]
[web/json/embed4458.json]
[web/html/index-44.html]
[web/other/embed6924]
[web/json/1434.json]
[web/json/embede49e.json]
[web/html/index-45.html]
[web/other/embed378a]
[web/json/1429.json]
[web/json/embed8736.json]
[web/html/index-46.html]
[web/other/embedf958]
[web/json/1474.json]
[web/json/embed9046.json]
[web/html/index-47.html]
[web/other/embeda0f0]
[web/json/1453.json]
[web/json/embed7cd2.json]
[web/html/index-48.html]
[web/other/embed7022]
[web/json/1412.json]
[web/json/embed2da8.json]
[web/html/index-49.html]
[web/other/embed0770]
[web/json/1396.json]
[web/json/embed9086.json]
[web/html/index-50.html]
[web/other/embed63e3]
[web/json/1306.json]
[web/json/embed11f5.json]
[web/other/embeda679]
[web/jpg/images-1.jpg]
[web/jpg/index.jpg]
[web/png/60c761d2b87da146476b3738_article-hacking-1024x488.png]
[web/html/index-51.html]
[web/json/1290.json]
[web/json/embed04cd.json]
[web/html/index-52.html]
[web/other/embedcb0e]
[web/json/1277.json]
[web/json/embed9307.json]
[web/html/index-53.html]
[web/other/embed71e4]
[web/json/1282.json]
[web/json/embed8f3c.json]
[web/html/index-54.html]
[web/other/embedbc5d]
[web/json/1298.json]
[web/json/embed080b.json]
[web/html/index-55.html]
[web/other/embed6822]
[web/json/1241.json]
[web/json/embed3c87.json]
[web/other/embede0a0]
[web/html/index-56.html]
[web/json/1420.json]
[web/json/embedfcfd.json]
[web/html/index-57.html]
[web/other/embedbe1b]
[web/json/1381.json]
[web/json/embed6390.json]
[web/html/index-58.html]
[web/other/embed5179]
[web/json/1352.json]
[web/json/embed393c.json]
[web/html/index-59.html]
[web/other/embedef83]
[web/json/1370.json]
[web/json/embedf9e2.json]
[web/html/index-60.html]
[web/other/embed908b]
[web/json/1321.json]
[web/json/embed97c7.json]
[web/html/index-61.html]
[web/other/embedaaa5]
[web/json/1343.json]
[web/json/embedcf19.json]
[web/html/index-62.html]
[web/html/index-63.html]
[web/html/index-64.html]
[web/html/index-65.html]
[web/other/embedced8]
[web/html/index-207.html]
[web/html/index-206.html]
[web/json/3140.json]
[web/html/index-208.html]
[web/json/embed84ae.json]
[web/other/embedd4b1]
[web/html/index-211.html]
[web/html/wp-login.html]
[web/html/index-66.html]
[web/html/index-210.html]
[web/html/index-209.html]
[web/html/index-212.html]
[web/json/3132.json]
[web/html/index-214.html]
[web/html/index-213.html]
[web/html/index-215.html]
[web/json/embed2677.json]
[web/html/index-216.html]
[web/html/index-217.html]
[web/other/embed93ab]
[web/html/index-67.html]
[web/html/index-218.html]
[web/html/index-219.html]
[web/html/index-220.html]
[web/html/index-221.html]
[web/json/3122.json]
[web/html/index-222.html]
[web/html/index-225.html]
[web/html/index-223.html]
[web/html/index-224.html]
[web/json/embed7359.json]
[web/html/index-227.html]
[web/html/index-226.html]
[web/html/index-228.html]
[web/other/embeddaf1]
[web/html/index-68.html]
[web/css/animations.min7e2e.css]
[web/js/frontend.min1ac1.js]
[web/js/happy-addons.minf3df.js]
[web/js/joinchat.mine91a.js]
[web/js/slick.minf3df.js]
[web/js/frontend1f62.js]
[web/js/jquery-numerator.min3958.js]
[web/js/webpack.runtime.min7e2e.js]
[web/js/frontend-modules.min7e2e.js]
[web/js/jquery.sticky.min8d18.js]
[web/js/frontend.min8d18.js]
[web/html/index-241.html]
[web/js/waypoints.min05da.js]
[web/html/index-242.html]
[web/js/core.min0028.js]
[web/html/index-237.html]
[web/html/index-240.html]
[web/js/frontend.min7e2e.js]
[web/html/eicons1075.html]
[web/html/eicons1075-2.html]
[web/svg/eicons1075.svg]
[web/html/happy-icons.html]
[web/html/happy-icons-2.html]
[web/svg/happy-icons.svg]
[web/html/fontawesome-webfont3e6e.html]
[web/html/fontawesome-webfont3e6e-2.html]
[web/svg/fontawesome-webfont3e6e.svg]
[web/html/slick.html]
[web/svg/slick.svg]
[web/html/fa-solid-900.html]
[web/html/fa-solid-901.html]
[web/svg/fa-solid-900.svg]
[web/html/fa-brands-400.html]
[web/html/fa-brands-401.html]
[web/svg/fa-brands-400.svg]
[web/html/fa-regular-400.html]
[web/html/fa-regular-401.html]
[web/svg/fa-regular-400.svg]
[web/html/bot.html]
[web/html/index5401.html]
[web/html/indexf4d1.html]
[web/html/index486a.html]
[web/json/2886.json]
[web/html/index-244.html]
[web/json/embed7015.json]
[web/html/index-69.html]
[web/other/embed9ee5]
[web/json/2850.json]
[web/html/index-246.html]
[web/html/index-245.html]
[web/json/embed5e68.json]
[web/html/index-70.html]
[web/other/embed0046]
[web/html/index-248.html]
[web/json/2934.json]
[web/html/index-247.html]
[web/json/embed43cd.json]
[web/html/index-71.html]
[web/other/embede62e]
[web/json/3006.json]
[web/html/index-249.html]
[web/json/embed4211.json]
[web/html/index-72.html]
[web/other/embed56a4]
[web/json/2912.json]
[web/html/index-250.html]
[web/json/embedb05c.json]
[web/html/index-73.html]
[web/other/embeda20e]
[web/html/index-251.html]
[web/html/index-253.html]
[web/json/2862.json]
[web/json/embed278c.json]
[web/html/index-74.html]
[web/other/embeda4e9]
[web/html/index-255.html]
[web/html/index-256.html]
[web/json/3016.json]
[web/json/embedcaa4.json]
[web/html/index-75.html]
[web/html/index-76.html]
[web/other/embedb239]
[web/json/2976.json]
[web/html/index-257.html]
[web/json/embedffe5.json]
[web/html/index-77.html]
[web/other/embed2476]
[web/html/index-259.html]
[web/json/2838.json]
[web/html/index-258.html]
[web/json/embed7383.json]
[web/html/index-78.html]
[web/other/embed1216]
[web/json/2840.json]
[web/html/index-260.html]
[web/json/embeda82a.json]
[web/html/index-79.html]
[web/other/embedce8f]
[web/json/2748.json]
[web/html/index-261.html]
[web/json/embeddc73.json]
[web/html/index-80.html]
[web/other/embed6c7c]
[web/json/2760.json]
[web/html/index-263.html]
[web/json/embed4149.json]
[web/html/index-81.html]
[web/other/embeda4d6]
[web/html/index-265.html]
[web/json/2900.json]
[web/json/embed703f.json]
[web/html/index-82.html]
[web/other/embed9217]
[web/html/index-267.html]
[web/json/3052.json]
[web/html/index-266.html]
[web/json/embedd15f.json]
[web/html/index-83.html]
[web/other/embed048b]
[web/json/2814.json]
[web/html/index-268.html]
[web/html/index-269.html]
[web/json/embedb707.json]
[web/html/index-84.html]
[web/other/embed7515]
[web/json/3010.json]
[web/html/index-270.html]
[web/html/index-271.html]
[web/html/index-272.html]
[web/json/embed4ca5.json]
[web/html/index-85.html]
[web/other/embed58bd]
[web/html/index-273.html]
[web/json/2836.json]
[web/json/embed698f.json]
[web/html/index-86.html]
[web/html/index-87.html]
[web/other/embed24f2]
[web/html/index-274.html]
[web/json/2792.json]
[web/json/embed6a35.json]
[web/other/embed9efc]
[web/html/index-88.html]
[web/html/index-276.html]
[web/json/2982.json]
[web/html/index-275.html]
[web/json/embed17b6.json]
[web/html/index-89.html]
[web/other/embedfd33]
[web/html/index-277.html]
[web/json/276.json]
[web/json/embed686f.json]
[web/other/embeddf50]
[web/js/comment-reply.mine2db.js]
[web/html/index-90.html]
[web/html/index-91.html]
[web/json/2944.json]
[web/html/index-278.html]
[web/json/embed4df7.json]
[web/html/index-92.html]
[web/other/embed8e58]
[web/json/2856.json]
[web/html/index-280.html]
[web/html/index-279.html]
[web/json/embed7370.json]
[web/html/index-93.html]
[web/other/embedab3f]
[web/json/2878.json]
[web/html/index-281.html]
[web/json/embedba2b.json]
[web/html/index-94.html]
[web/other/embedd66e]
[web/json/2824.json]
[web/html/index-283.html]
[web/json/embed0175.json]
[web/html/index-95.html]
[web/other/embed2b47]
[web/json/2902.json]
[web/html/index-284.html]
[web/html/index-285.html]
[web/json/embed6de6.json]
[web/html/index-96.html]
[web/html/index-97.html]
[web/other/embed68fe]
[web/json/2988.json]
[web/html/index-287.html]
[web/json/embed7431.json]
[web/html/index-98.html]
[web/other/embed7e35]
[web/html/index-289.html]
[web/json/2784.json]
[web/html/index-288.html]
[web/json/embeda66b.json]
[web/html/index-99.html]
[web/other/embed85f8]
[web/html/index-290.html]
[web/html/index-292.html]
[web/html/index-291.html]
[web/json/2962.json]
[web/json/embed2266.json]
[web/html/index-100.html]
[web/other/embeda6f5]
[web/json/2746.json]
[web/html/index-294.html]
[web/html/index-293.html]
[web/json/embeda057.json]
[web/html/index-101.html]
[web/other/embed50f5]
[web/json/2890.json]
[web/html/index-295.html]
[web/json/embed05e4.json]
[web/html/index-102.html]
[web/other/embed6ab0]
[web/json/2930.json]
[web/html/index-297.html]
[web/html/index-296.html]
[web/json/embedba0a.json]
[web/html/index-103.html]
[web/html/index-104.html]
[web/html/index-105.html]
[web/other/embed5e1d]
[web/json/2778.json]
[web/html/index-298.html]
[web/html/index-299.html]
[web/json/embed8824.json]
[web/html/index-106.html]
[web/html/index-107.html]
[web/other/embedc4e4]
[web/html/index-300.html]
[web/html/index-301.html]
[web/json/2956.json]
[web/html/index-302.html]
[web/json/embed71bb.json]
[web/html/index-108.html]
[web/other/embed4704]
[web/html/index-304.html]
[web/json/3036.json]
[web/html/index-303.html]
[web/json/embedc25e.json]
[web/html/index-109.html]
[web/other/embedea29]
[web/json/3086.json]
[web/html/index-306.html]
[web/html/index-305.html]
[web/html/index-307.html]
[web/json/embedd55e.json]
[web/html/index-110.html]
[web/other/embed8651]
[web/json/2848.json]
[web/html/index-310.html]
[web/html/index-309.html]
[web/html/index-308.html]
[web/json/embed84d3.json]
[web/html/index-111.html]
[web/other/embedd5c2]
[web/json/2752.json]
[web/html/index-312.html]
[web/html/index-311.html]
[web/json/embed5555.json]
[web/html/index-112.html]
[web/other/embed47a8]
[web/html/index-313.html]
[web/json/2762.json]
[web/json/embed15ac.json]
[web/other/embed92a7]
[web/html/index-113.html]
[web/html/index-114.html]
[web/html/index-115.html]
[web/json/2854.json]
[web/html/index-314.html]
[web/json/embedcae2.json]
[web/other/embeddb79]
[web/html/index-116.html]
[web/html/index-315.html]
[web/json/2770.json]
[web/json/embedca86.json]
[web/html/index-117.html]
[web/other/embedb7da]
[web/json/2800.json]
[web/html/index-316.html]
[web/json/embedec0f.json]
[web/html/index-118.html]
[web/other/embed5a35]
[web/html/index-319.html]
[web/json/264.json]
[web/html/index-317.html]
[web/json/embede4a5.json]
[web/html/index-318.html]
[web/html/index-119.html]
[web/other/embed8679]
[web/json/2844.json]
[web/html/index-320.html]
[web/json/embed2899.json]
[web/html/index-120.html]
[web/other/embed3999]
[web/html/index-321.html]
[web/json/2938.json]
[web/json/embede8ff.json]
[web/html/index-121.html]
[web/other/embed1edb]
[web/json/2790.json]
[web/html/index-322.html]
[web/json/embed48ac.json]
[web/html/index-122.html]
[web/other/embedf4b6]
[web/json/2734.json]
[web/html/index-323.html]
[web/json/embed3723.json]
[web/html/index-123.html]
[web/other/embedadcc]
[web/html/index-325.html]
[web/html/index-324.html]
[web/json/2822.json]
[web/json/embed3952.json]
[web/html/index-124.html]
[web/other/embeda339]
[web/json/2828.json]
[web/html/index-327.html]
[web/html/index-326.html]
[web/json/embedd316.json]
[web/html/index-125.html]
[web/other/embede18c]
[web/json/2946.json]
[web/html/index-329.html]
[web/html/index-328.html]
[web/json/embed4ae7.json]
[web/html/index-126.html]
[web/other/embed57f9]
[web/json/2738.json]
[web/html/index-330.html]
[web/json/embedefeb.json]
[web/html/index-127.html]
[web/other/embedd7e6]
[web/json/2772.json]
[web/html/index-331.html]
[web/json/embed9d11.json]
[web/html/index-128.html]
[web/other/embed052d]
[web/html/index-333.html]
[web/json/2788.json]
[web/html/index-332.html]
[web/json/embed67cd.json]
[web/html/index-129.html]
[web/other/embed8a4a]
[web/json/2740.json]
[web/html/index-334.html]
[web/json/embedef0a.json]
[web/html/index-130.html]
[web/other/embedabcd]
[web/json/2932.json]
[web/html/index-335.html]
[web/json/embedf55b.json]
[web/html/index-131.html]
[web/other/embedac16]
[web/json/2992.json]
[web/html/index-336.html]
[web/json/embed7232.json]
[web/html/index-132.html]
[web/other/embedad7e]
[web/html/index-337.html]
[web/json/3102.json]
[web/json/embedb229.json]
[web/html/index-133.html]
[web/html/index-134.html]
[web/other/embedd07c]
[web/html/index-340.html]
[web/html/index-338.html]
[web/html/index-339.html]
[web/json/3012.json]
[web/json/embeda64e.json]
[web/html/index-135.html]
[web/other/embed10e0]
[web/html/index-341.html]
[web/json/2744.json]
[web/json/embed8349.json]
[web/html/index-136.html]
[web/other/embedf171]
[web/json/2936.json]
[web/html/index-342.html]
[web/json/embed0772.json]
[web/html/index-137.html]
[web/other/embedb7f3]
[web/json/2974.json]
[web/html/index-343.html]
[web/json/embed407a.json]
[web/other/embed4576]
[web/html/index-138.html]
[web/html/index-139.html]
[web/json/2832.json]
[web/html/index-344.html]
[web/json/embed8260.json]
[web/html/index-140.html]
[web/other/embed327b]
[web/json/3112.json]
[web/html/index-345.html]
[web/json/embed9710.json]
[web/html/index-141.html]
[web/other/embed497f]
[web/json/3032.json]
[web/html/index-347.html]
[web/html/index-348.html]
[web/html/index-346.html]
[web/json/embed39aa.json]
[web/html/index-142.html]
[web/other/embed28d0]
[web/html/index-350.html]
[web/html/index-349.html]
[web/json/3042.json]
[web/json/embede8ad.json]
[web/html/index-143.html]
[web/other/embedaf65]
[web/html/index-353.html]
[web/json/2940.json]
[web/html/index-351.html]
[web/html/index-352.html]
[web/json/embedd791.json]
[web/html/index-144.html]
[web/other/embed15cf]
[web/html/index-354.html]
[web/json/2876.json]
[web/json/embed2a02.json]
[web/html/index-145.html]
[web/other/embed8653]
[web/json/2986.json]
[web/html/index-355.html]
[web/json/embeda17b.json]
[web/html/index-146.html]
[web/other/embed746f]
[web/json/3048.json]
[web/html/index-356.html]
[web/json/embed28ed.json]
[web/html/index-147.html]
[web/other/embed0803]
[web/html/index-358.html]
[web/json/2922.json]
[web/html/index-357.html]
[web/json/embed2dc2.json]
[web/html/index-148.html]
[web/other/embedbd70]
[web/html/index-361.html]
[web/json/3008.json]
[web/html/index-359.html]
[web/json/embede5f8.json]
[web/html/index-149.html]
[web/other/embed8f57]
[web/html/index-362.html]
[web/json/2872.json]
[web/json/embed835f.json]
[web/html/index-150.html]
[web/other/embed609c]
[web/html/index-364.html]
[web/json/2732.json]
[web/json/embed10b9.json]
[web/html/index-151.html]
[web/other/embeda167]
[web/json/3014.json]
[web/html/index-366.html]
[web/html/index-365.html]
[web/json/embede818.json]
[web/html/index-152.html]
[web/other/embed25f1]
[web/html/index-367.html]
[web/json/2998.json]
[web/json/embedb891.json]
[web/html/index-153.html]
[web/html/index-154.html]
[web/other/embed49f7]
[web/json/2972.json]
[web/html/index-368.html]
[web/html/index-369.html]
[web/json/embeda35a.json]
[web/other/embedee05]
[web/html/index-155.html]
[web/html/index-370.html]
[web/json/2948.json]
[web/json/embede969.json]
[web/html/index-156.html]
[web/other/embed1441]
[web/html/index-372.html]
[web/json/2888.json]
[web/html/index-371.html]
[web/json/embed499b.json]
[web/html/index-157.html]
[web/other/embed8636]
[web/json/2918.json]
[web/html/index-373.html]
[web/json/embed511d.json]
[web/html/index-158.html]
[web/other/embedbcea]
[web/html/index-375.html]
[web/json/2970.json]
[web/json/embedf634.json]
[web/html/index-159.html]
[web/other/embede03c]
[web/json/2742.json]
[web/html/index-376.html]
[web/html/index-377.html]
[web/json/embed1909.json]
[web/html/index-160.html]
[web/other/embede322]
[web/json/2834.json]
[web/html/index-378.html]
[web/json/embed3110.json]
[web/html/index-161.html]
[web/other/embed9ea2]
[web/json/2804.json]
[web/html/index-379.html]
[web/json/embed1bb0.json]
[web/html/index-162.html]
[web/other/embed704d]
[web/json/3070.json]
[web/html/index-381.html]
[web/json/embedfa51.json]
[web/html/index-380.html]
[web/html/index-163.html]
[web/other/embede151]
[web/html/index-382.html]
[web/html/index-383.html]
[web/json/2874.json]
[web/html/index-384.html]
[web/json/embeda68e.json]
[web/html/index-164.html]
[web/other/embed739b]
[web/html/index-385.html]
[web/json/2996.json]
[web/json/embedbd82.json]
[web/html/index-165.html]
[web/other/embed3077]
[web/json/2858.json]
[web/html/index-386.html]
[web/json/embed7017.json]
[web/html/index-166.html]
[web/css/main.min1ac1-2.css]
[web/other/embed2d72]
[web/css/style.mine2db-2.css]
[web/css/header-footer-elementor1f62-2.css]
[web/eot/eicons1075-2.eot]
[web/ttf/eicons1075-2.ttf]
[web/css/elementor-icons.min91ce-2.css]
[web/css/frontend-lite.min7e2e-2.css]
[web/css/frontend.min8d18-2.css]
[web/css/maine2db-2.css]
[web/css/frontend1f62-2.css]
[web/css/style.minf3df-2.css]
[web/eot/fontawesome-webfont3e6e-2.eot]
[web/eot/fontawesome-webfontd41d-2.eot]
[web/ttf/fontawesome-webfont3e6e-2.ttf]
[web/css/font-awesome.min1849-2.css]
[web/css/joinchat-btn.mine91a-2.css]
[web/css/fontawesome.min52d5-2.css]
[web/eot/fa-brands-401.eot]
[web/eot/fa-brands-400d41d-2.eot]
[web/ttf/fa-brands-401.ttf]
[web/css/brands.min52d5-2.css]
[web/eot/fa-solid-901.eot]
[web/eot/fa-solid-900d41d-2.eot]
[web/ttf/fa-solid-901.ttf]
[web/css/solid.min52d5-2.css]
[web/eot/fa-regular-401.eot]
[web/eot/fa-regular-400d41d-2.eot]
[web/ttf/fa-regular-401.ttf]
[web/css/regular.min52d5-2.css]
[web/js/jquery.minaf6c-2.js]
[web/js/jquery-migrate.mind617-2.js]
[web/html/indexa943.html]
[web/jpg/img_5941-scaled-2.jpg]
[web/jpg/whatsapp-image-2022-07-29-at-15.57.33-2.jpg]
[web/jpg/whatsapp-image-2021-05-03-at-17.36.51-2.jpg]
[web/png/news-36-audience-avec-le-ministre-de-lagriculture-et-de-lquipement-rural-113.png]
[web/jpg/dxfgcgn-2.jpg]
[web/jpg/img_3489-scaled-2.jpg]
[web/jpg/img_3632-scaled-2.jpg]
[web/jpg/img_6703-scaled-2.jpg]
[web/jpg/dfgdfg-2.jpg]
[web/jpg/img_3523-scaled-2.jpg]
[web/jpg/img_1858-scaled-2.jpg]
[web/jpg/img_6954-scaled-2.jpg]
[web/css/slickf3df-2.css]
[web/css/slick-themef3df-2.css]
[web/css/ha-748091.css]
[web/css/smartslider.minff98-2.css]
[web/json/74-2.json]
[web/json/embed6ede.json]
[web/other/embedbdc0]
[web/js/n2.minff98-2.js]
[web/js/smartslider-frontend.minff98-2.js]
[web/js/ss-simple.minff98-2.js]
[web/js/w-arrow-image.minff98-2.js]
[web/jpg/site-2.jpg]
[web/jpg/sadasd-1024x683-2.jpg]
[web/jpg/nouveau-flyer-nouuuuu-768x1090-3.jpg]
[web/jpg/1a-768x1086-2.jpg]
[web/jpg/affiche-science-po-768x1090-2.jpg]
[web/jpg/agronomique-et-environnementale-nouve-768x1090-2.jpg]
[web/jpg/cs-nouveaux-2-768x1086-2.jpg]
[web/jpg/cs-nouveaux-768x1086-2.jpg]
[web/jpg/cs-numerique-768x1086-3.jpg]
[web/jpg/flyer-licences-professionnelles-768x1090-2.jpg]
[web/jpg/flyer-petrole-et-gaz-new-768x1087-2.jpg]
[web/jpg/recto-768x1086-2.jpg]
[web/jpg/nouveau-flyer-nouuuuu-768x1090-4.jpg]
[web/jpg/flyer-bts-dts-768x1086-2.jpg]
[web/jpg/cs-transformation-768x1086-2.jpg]
[web/jpg/cs-topographie-768x1086-2.jpg]
[web/jpg/cs-numerique-768x1086-4.jpg]
[web/jpg/cs-informatique-768x1086-2.jpg]
[web/jpg/whatsapp-image-2022-05-09-at-11.52.48-3.jpg]
[web/jpg/img_6080-scaled-2.jpg]
[web/png/icon_school-2.png]
[web/js/slick.minf3df-2.js]
[web/html/index-170.html]
[web/css/widget-icon-list.min-2.css]
[web/js/jquery-numerator.min3958-2.js]
[web/jpg/img_4090-scaled-2.jpg]
[web/json/99-2.json]
[web/json/embed50b6.json]
[web/other/embed1041]
[web/jpg/img_3591-scaled-2.jpg]
[web/jpg/115803619_1039961073105782_350969444993837015_n-780x1024-2.jpg]
[web/jpg/img_icon_faq-2.jpg]
[web/png/7-2.png]
[web/png/2-2.png]
[web/png/8-2.png]
[web/png/4-2.png]
[web/png/1-2.png]
[web/png/6-2.png]
[web/html/index-171.html]
[web/png/3-2.png]
[web/png/icone-1-jaune-2.png]
[web/json/172-2.json]
[web/json/embeddd4f.json]
[web/other/embed138e]
[web/jpg/whatsapp-image-2022-04-28-at-00.37.32-2.jpg]
[web/html/index-172.html]
[web/json/287-2.json]
[web/json/embed44b1.json]
[web/other/embeda079]
[web/png/news-37-visite-de-mr-faye-responsable-de-la-formation-du-maer-du-sngal-114.png]
[web/html/index-388.html]
[web/html/index-387.html]
[web/html/index-389.html]
[web/jpg/sdasdasdxcvxcvxv-2.jpg]
[web/html/index-173.html]
[web/html/index-390.html]
[web/html/index-391.html]
[web/html/index-392.html]
[web/json/810-2.json]
[web/html/index-393.html]
[web/html/index-395.html]
[web/html/index-396.html]
[web/json/embed674b.json]
[web/html/index-397.html]
[web/html/index-399.html]
[web/html/index-398.html]
[web/html/index-400.html]
[web/other/embed7882]
[web/html/index-401.html]
[web/html/index-402.html]
[web/jpg/thomas-iversen-4w8fgdvyume-unsplash-1024x684-2.jpg]
[web/html/index-403.html]
[web/html/index-404.html]
[web/html/index-406.html]
[web/html/index-407.html]
[web/html/index-408.html]
[web/html/index-174.html]
[web/html/index-410.html]
[web/html/index-411.html]
[web/html/index-412.html]
[web/json/723-2.json]
[web/json/embed6d7d.json]
[web/html/index-413.html]
[web/html/index-414.html]
[web/other/embedb889]
[web/jpg/jason-leung-gky4wyp9mvg-unsplash-1024x683-2.jpg]
[web/html/index-418.html]
[web/html/index-417.html]
[web/html/index-416.html]
[web/jpg/michael-anfang-lavcmb1gli0-unsplash-1024x683-2.jpg]
[web/html/index-419.html]
[web/html/index-420.html]
[web/html/index-421.html]
[web/html/index-175.html]
[web/html/index-424.html]
[web/html/index-427.html]
[web/json/894-2.json]
[web/html/index-426.html]
[web/html/index-428.html]
[web/html/index-429.html]
[web/json/embedc5d3.json]
[web/html/index-430.html]
[web/html/index-431.html]
[web/other/embedcde2]
[web/html/index-434.html]
[web/html/index-435.html]
[web/jpg/pakata-goh-ovb-mejxjog-unsplash-1-1024x1024-2.jpg]
[web/html/index-436.html]
[web/jpg/nathan-da-silva-fo7kumbyvi0-unsplash-1024x1024-2.jpg]
[web/html/index-437.html]
[web/html/index-438.html]
[web/html/index-439.html]
[web/jpg/nubelson-fernandes-txysidln1dc-unsplash-1024x1024-2.jpg]
[web/html/index-440.html]
[web/html/index-441.html]
[web/html/index-442.html]
[web/html/index-176.html]
[web/html/index-443.html]
[web/html/index-444.html]
[web/html/index-445.html]
[web/html/index-447.html]
[web/html/index-446.html]
[web/html/index-448.html]
[web/json/873-2.json]
[web/html/index-449.html]
[web/json/embed5918.json]
[web/html/index-450.html]
[web/html/index-451.html]
[web/other/embedf26a]
[web/jpg/eyelit-studio-otyothvtvby-unsplash-1-1024x546-2.jpg]
[web/html/index-453.html]
[web/html/index-454.html]
[web/html/index-455.html]
[web/jpg/aliunix-ni265acvqzs-unsplash-1024x683-2.jpg]
[web/html/index-456.html]
[web/html/index-458.html]
[web/jpg/catherine-avak-qhyzadihqz0-unsplash-1024x647-2.jpg]
[web/html/index-460.html]
[web/html/index-459.html]
[web/jpg/e-diop-n1rije55mw-unsplash-1024x768-2.jpg]
[web/html/index-461.html]
[web/html/index-462.html]
[web/html/index-463.html]
[web/html/index-464.html]
[web/html/index-177.html]
[web/html/index-466.html]
[web/html/index-465.html]
[web/html/index-467.html]
[web/html/index-468.html]
[web/json/822-2.json]
[web/html/index-470.html]
[web/html/index-469.html]
[web/json/embed27f0.json]
[web/html/index-471.html]
[web/other/embed1801]
[web/html/index-473.html]
[web/html/index-474.html]
[web/html/index-475.html]
[web/jpg/aliunix-0s1xoks3yig-unsplash-1024x576-2.jpg]
[web/html/index-477.html]
[web/html/index-478.html]
[web/html/index-476.html]
[web/html/index-480.html]
[web/html/index-178.html]
[web/html/index-479.html]
[web/html/index-481.html]
[web/html/index-482.html]
[web/html/index-483.html]
[web/json/829-2.json]
[web/json/embedb1d3.json]
[web/html/index-179.html]
[web/other/embed19de]
[web/json/957-2.json]
[web/json/embedd731.json]
[web/other/embed4e29]
[web/jpg/jinomono-media-d9tkudmouac-unsplash-1024x1024-2.jpg]
[web/html/index-180.html]
[web/json/932-2.json]
[web/json/embed9965.json]
[web/other/embeda6a7]
[web/jpg/andrew-ives-r2fsi8if_ys-unsplash-1024x1024-2.jpg]
[web/jpg/mehrshad-rajabi-p7mkoyvsnli-unsplash-1024x1024-2.jpg]
[web/html/index-181.html]
[web/json/945-2.json]
[web/json/embed34a4.json]
[web/other/embedd21e]
[web/jpg/quokkabottles-tcsuj29rkwy-unsplash-1024x1024-2.jpg]
[web/html/index-182.html]
[web/json/1439-2.json]
[web/json/embedde6a.json]
[web/other/embed7e7c]
[web/jpg/ocde_resize_md-2.jpg]
[web/jpg/coding-science-2.jpg]
[web/jpg/coding-body-image-3.jpg]
[web/jpg/1-awk6ydabe7x5viez2vyemw-1024x682-2.jpg]
[web/jpg/istockphoto-1224500457-612x612-2.jpg]
[web/jpg/t9qjmeqwrmwwuxe2mjyemj-1024x576-2.jpg]
[web/jpg/ocde_resize_md-4.jpg]
[web/jpg/images-3.jpg]
[web/jpg/index-2.jpg]
[web/png/60c761d2b87da146476b3738_article-hacking-1-1024x488-2.png]
[web/html/index-183.html]
[web/jpg/whatsapp-image-2022-02-23-at-11.58.12-am-pl529kmrr4r20we48finnb2hgqynkdkc907mtsofsq-2.jpg]
[web/json/1462-2.json]
[web/json/embedb21a.json]
[web/html/index-184.html]
[web/other/embedd5ce]
[web/json/1434-2.json]
[web/json/embed5cd1.json]
[web/other/embede47e]
[web/html/index-185.html]
[web/json/1429-2.json]
[web/json/embedf26d.json]
[web/html/index-186.html]
[web/other/embed4ac8]
[web/json/1474-2.json]
[web/json/embed4bc7.json]
[web/html/index-187.html]
[web/other/embed1600]
[web/json/1453-2.json]
[web/json/embed1570.json]
[web/html/index-188.html]
[web/other/embed605d]
[web/json/1412-2.json]
[web/json/embed0724.json]
[web/html/index-189.html]
[web/other/embeda6b6]
[web/json/1396-2.json]
[web/json/embed7e04.json]
[web/html/index-190.html]
[web/other/embeddff7]
[web/json/1306-2.json]
[web/json/embedda9f.json]
[web/other/embedaf63]
[web/jpg/images-4.jpg]
[web/jpg/index-3.jpg]
[web/png/60c761d2b87da146476b3738_article-hacking-1024x488-2.png]
[web/html/index-191.html]
[web/json/1290-2.json]
[web/json/embed7f7a.json]
[web/html/index-192.html]
[web/other/embeddf1c]
[web/json/1277-2.json]
[web/json/embed3efd.json]
[web/html/index-193.html]
[web/other/embed3ff0]
[web/json/1282-2.json]
[web/json/embedced7.json]
[web/html/index-194.html]
[web/other/embedb4b8]
[web/json/1298-2.json]
[web/json/embed0973.json]
[web/html/index-195.html]
[web/other/embed30fc]
[web/json/1241-2.json]
[web/json/embedde5a.json]
[web/other/embedea3d]
[web/html/index-196.html]
[web/json/1420-2.json]
[web/json/embed53f1.json]
[web/html/index-197.html]
[web/other/embed03e7]
[web/json/1381-2.json]
[web/json/embed3dfe.json]
[web/html/index-198.html]
[web/other/embed513e]
[web/json/1352-2.json]
[web/json/embed28d4.json]
[web/html/index-199.html]
[web/other/embed83a1]
[web/json/1370-2.json]
[web/json/embed5385.json]
[web/html/index-200.html]
[web/other/embed3152]
[web/json/1321-2.json]
[web/json/embed52d8.json]
[web/html/index-201.html]
[web/other/embed8aef]
[web/json/1343-2.json]
[web/json/embed585f.json]
[web/other/embed677c]
[web/html/index-202.html]
[web/html/index-485.html]
[web/json/3140-2.json]
[web/json/embed47f4.json]
[web/other/embed83f6]
[web/html/wp-login-2.html]
[web/html/index-203.html]
[web/html/index-488.html]
[web/html/index-487.html]
[web/html/index-486.html]
[web/html/index-489.html]
[web/json/3132-2.json]
[web/html/index-490.html]
[web/html/index-491.html]
[web/json/embede84b.json]
[web/html/index-492.html]
[web/other/embede183]
[web/html/index-204.html]
[web/html/index-493.html]
[web/html/index-494.html]
[web/html/index-495.html]
[web/html/index-496.html]
[web/json/3122-2.json]
[web/html/index-497.html]
[web/html/index-498.html]
[web/html/index-499.html]
[web/json/embed619f.json]
[web/html/index-501.html]
[web/html/index-500.html]
[web/html/index-502.html]
[web/other/embeda037]
[web/html/index-205.html]
[web/html/index-503.html]
[web/html/index-504.html]
[web/css/animations.min7e2e-2.css]
[web/html/index-505.html]
[web/js/frontend.min1ac1-2.js]
[web/html/index-506.html]
[web/js/happy-addons.minf3df-2.js]
[web/html/index-507.html]
[web/js/joinchat.mine91a-2.js]
[web/html/index-509.html]
[web/js/frontend1f62-2.js]
[web/html/index-510.html]
[web/js/webpack.runtime.min7e2e-2.js]
[web/html/index-508.html]
[web/js/frontend-modules.min7e2e-2.js]
[web/js/jquery.sticky.min8d18-2.js]
[web/html/index-511.html]
[web/js/frontend.min8d18-2.js]
[web/html/index-512.html]
[web/js/waypoints.min05da-2.js]
[web/js/core.min0028-2.js]
[web/js/frontend.min7e2e-2.js]
[web/html/indexa8b8.html]
[web/html/index8a71.html]
[web/html/indexc902.html]
[web/html/index4659.html]
[web/html/indexa80c.html]
[web/html/index7270.html]
[web/html/index0114.html]
[web/html/index8cf0.html]
[web/html/index4580.html]
[web/html/index9dc4.html]
[web/html/index942e.html]
[web/html/indexc648.html]
[web/html/indexa83f.html]
[web/html/index8600.html]
[web/html/index8acf.html]
[web/html/index13cc.html]
[web/html/index8e49.html]
[web/html/index504e.html]
[web/html/indexa7f7.html]
[web/html/index59b0.html]
[web/html/index33df.html]
[web/html/index019f.html]
[web/html/indexd543.html]
[web/html/indexa62b.html]
[web/html/index7efb.html]
[web/html/indexe01d.html]
[web/html/index3861.html]
[web/html/indexcc82.html]
[web/html/indexaaf8.html]
[web/html/indexf9af.html]
[web/html/index9a38.html]
[web/html/indexdf27.html]
[web/html/index2a8d.html]
[web/html/index3898.html]
[web/html/index03e9.html]
[web/html/index94e7.html]
[web/html/index919b.html]
[web/html/index203c.html]
[web/html/index2582.html]
[web/html/index83ef.html]
[web/html/indexc58f.html]
[web/html/indexc474.html]
[web/html/indexab6b.html]
[web/html/indexa414.html]
[web/html/indexad28.html]
[web/html/index57b9.html]
[web/html/index6c69.html]
[web/html/hacker-thumb-a1.html]
[web/html/index6e2d.html]
[web/html/index3e5f.html]
[web/html/index8005.html]
[web/html/index8348.html]
[web/html/indexb86d.html]
[web/html/indexac17.html]
[web/html/index-206.html]
[web/html/index-207.html]
[web/html/index7064.html]
[web/php/xmlrpc.php]
[web/html/index-209.html]
[web/html/index-210.html]
[web/html/index-211.html]
[web/html/index-212.html]
[web/html/index-213.html]
[web/html/index-214.html]
[web/html/index-215.html]
[web/html/index-216.html]
[web/html/index-217.html]
[web/html/index-218.html]
[web/html/index-219.html]
[web/html/index-220.html]
[web/html/index-221.html]
[web/html/index-222.html]
[web/html/index-223.html]
[web/html/index-224.html]
[web/html/index-225.html]
[web/html/index-226.html]
[web/html/index-227.html]
[web/html/index-228.html]
[web/html/index-229.html]
[web/html/index-230.html]
[web/html/index-231.html]
[web/html/index-232.html]
[web/html/index-233.html]
[web/html/index-234.html]
[web/html/index-235.html]
[web/html/index-236.html]
[web/html/wp-login.html]
[web/html/index3765.html]
[web/html/index-238.html]
[web/html/index-239.html]
[web/html/index0aa2.html]
[web/html/index-241.html]
[web/html/index-242.html]
[web/html/-negative.html]
[web/html/index-243.html]
[web/html/index08f4.html]
[web/html/index-245.html]
[web/html/indexdda3.html]
[web/html/index-247.html]
[web/html/index969e.html]
[web/html/indexe820.html]
[web/html/index2cc5.html]
[web/html/index-251.html]
[web/html/index-252.html]
[web/html/index70d7.html]
[web/html/index-254.html]
[web/html/index-255.html]
[web/html/indexc794.html]
[web/html/indexaa2d.html]
[web/html/index-258.html]
[web/html/index03c0.html]
[web/html/index2bfd.html]
[web/html/index21a5.html]
[web/html/index-262.html]
[web/html/index4ad4.html]
[web/html/index-264.html]
[web/html/index70da.html]
[web/html/index-266.html]
[web/html/index56f2.html]
[web/html/index-268.html]
[web/html/index6497.html]
[web/html/index-270.html]
[web/html/index-271.html]
[web/html/index2103.html]
[web/html/index8dfa.html]
[web/html/index5343.html]
[web/html/index-275.html]
[web/html/indexc3b1.html]
[web/html/index44be.html]
[web/js/comment-reply.mine2db.js]
[web/html/index3592.html]
[web/html/index-279.html]
[web/html/index261a.html]
[web/html/index998d.html]
[web/html/index-282.html]
[web/html/indexf7ef.html]
[web/html/index-284.html]
[web/html/indexedcf.html]
[web/html/index-286.html]
[web/html/index0aae.html]
[web/html/index-288.html]
[web/html/index2aa8.html]
[web/html/index-290.html]
[web/html/index-291.html]
[web/html/index2a7f.html]
[web/html/index-293.html]
[web/html/index7024.html]
[web/html/index8848.html]
[web/html/index-296.html]
[web/html/index4611.html]
[web/html/index-298.html]
[web/html/indexdbd1.html]
[web/html/index-300.html]
[web/html/index-301.html]
[web/html/index6bb1.html]
[web/html/index-303.html]
[web/html/index1740.html]
[web/html/index-305.html]
[web/html/index-306.html]
[web/html/index7e04.html]
[web/html/index-308.html]
[web/html/index-309.html]
[web/html/indexd7fb.html]
[web/html/index-311.html]
[web/html/index28aa.html]
[web/html/index22c9.html]
[web/html/indexdddd.html]
[web/html/ john.html]
[web/html/indexc810.html]
[web/html/index83c7.html]
[web/html/index-317.html]
[web/html/index-318.html]
[web/html/indexd728.html]
[web/html/index77cc.html]
[web/html/indexc295.html]
[web/html/indexec68.html]
[web/html/index6f09.html]
[web/html/index-324.html]
[web/html/indexac3e.html]
[web/html/index-326.html]
[web/html/indexbeeb.html]
[web/html/index-328.html]
[web/html/index0b2b.html]
[web/html/index2d8c.html]
[web/html/index27bf.html]
[web/html/index-332.html]
[web/html/indexc564.html]
[web/html/index616a.html]
[web/html/indexdb17.html]
[web/html/indexd7d1.html]
[web/html/index4591.html]
[web/html/index-338.html]
[web/html/index-339.html]
[web/html/index6e62.html]
[web/html/indexb280.html]
[web/html/indexfb58.html]
[web/html/index2870.html]
[web/html/index7a2e.html]
[web/html/index3a0a.html]
[web/html/index-346.html]
[web/html/index-347.html]
[web/html/index2116.html]
[web/html/index-349.html]
[web/html/indexc94e.html]
[web/html/index-351.html]
[web/html/index-352.html]
[web/html/index20df.html]
[web/html/index331d.html]
[web/html/index9fc3.html]
[web/html/indexd9e7.html]
[web/html/index-357.html]
[web/html/index42f5.html]
[web/html/index-359.html]
[web/html/index-360.html]
[web/html/indexe65a.html]
[web/html/index93db.html]
[web/html/index-363.html]
[web/html/indexaa3c.html]
[web/html/index-365.html]
[web/html/index278e.html]
[web/html/index233f.html]
[web/html/index-368.html]
[web/html/index4e45.html]
[web/html/index295f.html]
[web/html/index-371.html]
[web/html/index2799.html]
[web/html/index7603.html]
[web/html/index-374.html]
[web/html/index9a07.html]
[web/html/index-376.html]
[web/html/indexcb4a.html]
[web/html/index2f36.html]
[web/html/index207c.html]
[web/html/index-380.html]
[web/html/indexf335.html]
[web/html/index-382.html]
[web/html/index-383.html]
[web/html/indexcdbf.html]
[web/html/index552f.html]
[web/html/index7b6d.html]
[web/html/eicons1075-3.html]
[web/html/eicons1075-4.html]
[web/svg/eicons1075-2.svg]
[web/html/happy-icons-3.html]
[web/html/happy-icons-4.html]
[web/svg/happy-icons-2.svg]
[web/html/fontawesome-webfont3e6e-3.html]
[web/html/fontawesome-webfont3e6e-4.html]
[web/svg/fontawesome-webfont3e6e-2.svg]
[web/html/fa-brands-402.html]
[web/html/fa-brands-403.html]
[web/svg/fa-brands-401.svg]
[web/html/fa-solid-902.html]
[web/html/fa-solid-903.html]
[web/svg/fa-solid-901.svg]
[web/html/fa-regular-402.html]
[web/html/fa-regular-403.html]
[web/svg/fa-regular-401.svg]
[web/css/slickf3df-2.css]
[web/css/slick-themef3df-2.css]
[web/css/ha-748091.css]
[web/css/smartslider.minff98-2.css]
[web/js/n2.minff98-2.js]
[web/js/smartslider-frontend.minff98-2.js]
[web/js/ss-simple.minff98-2.js]
[web/js/w-arrow-image.minff98-2.js]
[web/js/slick.minf3df-2.js]
[web/js/jquery-numerator.min3958-2.js]
[web/html/index5401-2.html]
[web/html/indexf4d1-2.html]
[web/html/index486a-2.html]
[web/html/index-387.html]
[web/html/index-388.html]
[web/html/index-389.html]
[web/html/index-390.html]
[web/html/index-391.html]
[web/html/index-392.html]
[web/html/index-393.html]
[web/html/index-394.html]
[web/html/index-395.html]
[web/html/index-396.html]
[web/html/index-397.html]
[web/html/index-398.html]
[web/html/index-399.html]
[web/html/index-400.html]
[web/html/index-401.html]
[web/html/index-402.html]
[web/html/index-403.html]
[web/html/index-404.html]
[web/html/index-405.html]
[web/html/index-406.html]
[web/html/index-407.html]
[web/html/index-408.html]
[web/html/index-409.html]
[web/html/index-410.html]
[web/html/index-411.html]
[web/html/index-412.html]
[web/html/index-413.html]
[web/html/index-414.html]
[web/html/index-415.html]
[web/html/index-416.html]
[web/html/index-417.html]
[web/html/index-418.html]
[web/html/index-419.html]
[web/html/index-420.html]
[web/html/index-421.html]
[web/html/index-422.html]
[web/html/index-423.html]
[web/html/index-424.html]
[web/html/index-425.html]
[web/html/index-426.html]
[web/html/index-427.html]
[web/html/index-428.html]
[web/html/index-429.html]
[web/html/index-430.html]
[web/html/index-431.html]
[web/html/index-432.html]
[web/html/index-433.html]
[web/html/index-434.html]
[web/html/index-435.html]
[web/html/index-436.html]
[web/html/index-437.html]
[web/html/index-438.html]
[web/html/index-439.html]
[web/html/index-440.html]
[web/html/index-441.html]
[web/html/index-442.html]
[web/html/index-443.html]
[web/html/index-444.html]
[web/html/index-445.html]
[web/html/index-446.html]
[web/html/index-447.html]
[web/html/index-448.html]
[web/html/index-449.html]
[web/html/index-450.html]
[web/html/index-451.html]
[web/html/index-452.html]
[web/html/index-453.html]
[web/html/index-454.html]
[web/html/index-455.html]
[web/html/index-456.html]
[web/html/index-457.html]
[web/html/index-458.html]
[web/html/index-459.html]
[web/html/index-460.html]
[web/html/index-461.html]
[web/html/index-462.html]
[web/html/index-463.html]
[web/html/index-464.html]
[web/html/index-465.html]
[web/html/index-466.html]
[web/html/index-467.html]
[web/html/index-468.html]
[web/html/index-469.html]
[web/html/index-470.html]
[web/html/index-471.html]
[web/html/index-472.html]
[web/html/index-473.html]
[web/html/index-474.html]
[web/html/index-475.html]
[web/html/index-476.html]
[web/html/index-477.html]
[web/html/index-478.html]
[web/html/index-479.html]
[web/html/index-480.html]
[web/html/index-481.html]
[web/html/index-482.html]
[web/html/index-483.html]
[web/html/index-484.html]
[web/html/index7efb-2.html]
[web/html/indexe01d-2.html]
[web/html/index3861-2.html]
[web/html/indexcc82-2.html]
[web/html/indexaaf8-2.html]
[web/html/indexf9af-2.html]
[web/html/index9a38-2.html]
[web/html/indexdf27-2.html]
[web/html/index2a8d-2.html]
[web/html/index3898-2.html]
[web/html/index03e9-2.html]
[web/html/index94e7-2.html]
[web/html/index919b-2.html]
[web/html/index203c-2.html]
[web/html/index2582-2.html]
[web/html/index83ef-2.html]
[web/html/indexc58f-2.html]
[web/html/indexc474-2.html]
[web/html/indexab6b-2.html]
[web/html/indexa414-2.html]
[web/html/indexad28-2.html]
[web/html/index57b9-2.html]
[web/html/index6c69-2.html]
[web/html/hacker-thumb-a1-2.html]
[web/html/index6e2d-2.html]
[web/html/index3e5f-2.html]
[web/html/index8005-2.html]
[web/html/index8348-2.html]
[web/html/indexb86d-2.html]
[web/html/indexac17-2.html]
[web/html/index7064-2.html]
[web/php/xmlrpc-2.php]
[web/html/index-486.html]
[web/html/index-487.html]
[web/html/index-488.html]
[web/html/index-489.html]
[web/html/index-490.html]
[web/html/index-491.html]
[web/html/index-492.html]
[web/html/index-493.html]
[web/html/index-494.html]
[web/html/index-495.html]
[web/html/index-496.html]
[web/html/index-497.html]
[web/html/index-498.html]
[web/html/index-499.html]
[web/html/index-500.html]
[web/html/index-501.html]
[web/html/index-502.html]
[web/html/index-503.html]
[web/html/index-504.html]
[web/html/index-505.html]
[web/html/index-506.html]
[web/html/index-507.html]
[web/html/index-508.html]
[web/html/index-509.html]
[web/html/index-510.html]
[web/html/index-511.html]
[web/html/index-512.html]
[web/html/wp-login-2.html]
[web/html/index0aa2-2.html]
[web/html/index-517.html]
[web/html/index-518.html]
[web/html/index-513.html]
[web/html/index3765-2.html]
[web/html/index-514.html]
[web/html/index-515.html]
[web/html/index-516.html]
